[2023-07-15T21:48:44.072+0300][0.012s][info][gc] Using G1
[2023-07-15T21:48:44.073+0300][0.013s][debug][gc] ConcGCThreads: 2 offset 16
[2023-07-15T21:48:44.073+0300][0.013s][debug][gc] ParallelGCThreads: 8
[2023-07-15T21:48:44.073+0300][0.013s][debug][gc] Initialize mark stack with 4096 chunks, maximum 524288
[2023-07-15T21:48:44.686+0300][0.626s][info ][gc] GC(0) Pause Young (Normal) (G1 Evacuation Pause) 212M->209M(2048M) 149.205ms
[2023-07-15T21:48:44.906+0300][0.846s][info ][gc] GC(1) Pause Young (Normal) (G1 Evacuation Pause) 298M->297M(2048M) 68.219ms
[2023-07-15T21:48:45.087+0300][1.026s][info ][gc] GC(2) Pause Young (Normal) (G1 Evacuation Pause) 386M->361M(2048M) 47.645ms
[2023-07-15T21:48:45.283+0300][1.223s][info ][gc] GC(3) Pause Young (Normal) (G1 Evacuation Pause) 450M->412M(2048M) 45.175ms
[2023-07-15T21:48:45.447+0300][1.387s][info ][gc] GC(4) Pause Young (Normal) (G1 Evacuation Pause) 501M->451M(2048M) 35.432ms
[2023-07-15T21:48:45.600+0300][1.540s][info ][gc] GC(5) Pause Young (Normal) (G1 Evacuation Pause) 540M->477M(2048M) 27.555ms
[2023-07-15T21:48:45.741+0300][1.680s][info ][gc] GC(6) Pause Young (Normal) (G1 Evacuation Pause) 566M->492M(2048M) 17.734ms
[2023-07-15T21:48:45.875+0300][1.814s][info ][gc] GC(7) Pause Young (Normal) (G1 Evacuation Pause) 581M->494M(2048M) 10.751ms
[2023-07-15T21:48:45.993+0300][1.933s][info ][gc] GC(8) Pause Young (Normal) (G1 Evacuation Pause) 583M->485M(2048M) 4.396ms
[2023-07-15T21:48:46.465+0300][2.405s][info ][gc] GC(9) Pause Young (Normal) (G1 Evacuation Pause) 790M->486M(2048M) 6.461ms
